{
  "devicesAndConfigurations" : [
    {
      "device" : {
        "architecture" : "arm64",
        "deviceId" : "D4F1F406-6A30-477A-8F3E-E5FC38D90021",
        "deviceName" : "iPad Pro 13-inch (M5) (iPadOS 27)",
        "modelName" : "iPad Pro 13-inch (M5)",
        "osBuildNumber" : "24A434",
        "osVersion" : "27.0",
        "platform" : "iOS Simulator"
      },
      "expectedFailures" : 0,
      "failedTests" : 0,
      "passedTests" : 35,
      "skippedTests" : 0,
      "testPlanConfiguration" : {
        "configurationId" : "1",
        "configurationName" : "Test Scheme Action"
      }
    }
  ],
  "environmentDescription" : "SwiftJLS-Package · Built with macOS 27.0",
  "expectedFailures" : 0,
  "failedTests" : 0,
  "finishTime" : 1789817164.895,
  "passedTests" : 33,
  "result" : "Passed",
  "runtimeWarnings" : [

  ],
  "skippedTests" : 0,
  "startTime" : 1789817149.19,
  "statistics" : [
    {
      "subtitle" : "4 test runs",
      "title" : "2 tests ran with dynamic parameters"
    }
  ],
  "testFailures" : [

  ],
  "title" : "Test - SwiftJLS-Package",
  "topInsights" : [

  ],
  "totalTestCount" : 33
}
