{
  "devicesAndConfigurations" : [
    {
      "device" : {
        "architecture" : "arm64",
        "deviceId" : "B8746383-9921-4172-8627-71690E55CD34",
        "deviceName" : "Apple Vision Pro",
        "modelName" : "Apple Vision Pro",
        "osBuildNumber" : "24M362",
        "osVersion" : "27.0",
        "platform" : "visionOS Simulator"
      },
      "expectedFailures" : 0,
      "failedTests" : 0,
      "passedTests" : 35,
      "skippedTests" : 0,
      "testPlanConfiguration" : {
        "configurationId" : "1",
        "configurationName" : "Test Scheme Action"
      }
    }
  ],
  "environmentDescription" : "SwiftJLS-Package · Built with macOS 27.0",
  "expectedFailures" : 0,
  "failedTests" : 0,
  "finishTime" : 1789817108.115,
  "passedTests" : 33,
  "result" : "Passed",
  "runtimeWarnings" : [

  ],
  "skippedTests" : 0,
  "startTime" : 1789817081.121,
  "statistics" : [
    {
      "subtitle" : "4 test runs",
      "title" : "2 tests ran with dynamic parameters"
    }
  ],
  "testFailures" : [

  ],
  "title" : "Test - SwiftJLS-Package",
  "topInsights" : [

  ],
  "totalTestCount" : 33
}
