{
  "devicesAndConfigurations" : [
    {
      "device" : {
        "architecture" : "arm64",
        "deviceId" : "<device-id-redacted>",
        "deviceName" : "My Mac",
        "modelName" : "MacBook Pro",
        "osBuildNumber" : "26A428",
        "osVersion" : "27.0",
        "platform" : "macOS"
      },
      "expectedFailures" : 0,
      "failedTests" : 0,
      "passedTests" : 34,
      "skippedTests" : 0,
      "testPlanConfiguration" : {
        "configurationId" : "1",
        "configurationName" : "Test Scheme Action"
      }
    }
  ],
  "environmentDescription" : "SwiftJLS-Package · Built with macOS 27.0",
  "expectedFailures" : 0,
  "failedTests" : 0,
  "finishTime" : 1789810531.653,
  "passedTests" : 32,
  "result" : "Passed",
  "runtimeWarnings" : [

  ],
  "skippedTests" : 0,
  "startTime" : 1789810521.297,
  "statistics" : [
    {
      "subtitle" : "4 test runs",
      "title" : "2 tests ran with dynamic parameters"
    }
  ],
  "testFailures" : [

  ],
  "title" : "Test - SwiftJLS-Package",
  "topInsights" : [

  ],
  "totalTestCount" : 32
}
