Building for debugging...
[Pre-planning 1 / 95]
[Planning deferred tasks]
[29 / 55]
[30 / 56] SwiftJLS
[34 / 97]
[39 / 97]
[42 / 97]
[47 / 97]
[49 / 97]
[53 / 97]
[55 / 97]
[58 / 97]
[61 / 97]
[63 / 97]
[64 / 97]
[67 / 97] SwiftJLS
[75 / 97] SwiftJLS
[76 / 97] SwiftJLSTests-product
[77 / 97] SwiftJLSTests-product
[86 / 98] SwiftJLS-product
[87 / 98]
[87 / 98] SwiftJLSTests-product
[88 / 107]
[92 / 107] SwiftJLSTests-product
[93 / 107] SwiftJLSTests-product
[95 / 107] SwiftJLSTests-product
[100 / 107] SwiftJLSTests-product
[101 / 107] SwiftJLSTests-product
[103 / 107] SwiftJLSTests-product
[106 / 107] SwiftJLSTests-product
Build complete! (10.48 secs)
SwiftJLSTests.APITests/cancellationKeepsSwiftCancellationError()
SwiftJLSTests.APITests/defaultsAndUnsupportedFidelityAreExplicit()
SwiftJLSTests.APITests/exactSamplesAndZeroedPadding(precision:)
SwiftJLSTests.APITests/noSyntheticBytesAdvertisedAsCompressedFormats()
SwiftJLSTests.APITests/outOfRangeTwelveBitSampleInvalidatesDestination()
SwiftJLSTests.APITests/resourceAndRequiredBackendErrorsPrecedeUnsupportedCodec()
SwiftJLSTests.APITests/sampleHelperPreservesExplicitBigEndian()
SwiftJLSTests.DescriptorTests/deterministicLayoutMutation()
SwiftJLSTests.DescriptorTests/finalRowNeedsOnlyItsActualSampleBytes()
SwiftJLSTests.DescriptorTests/paddedOddDimensionsAndPrecision()
SwiftJLSTests.DescriptorTests/rejectsArithmeticOverflowBeforeAllocation()
SwiftJLSTests.DescriptorTests/rejectsInvalidGeometryAndPrecision()
SwiftJLSTests.DescriptorTests/rejectsMisalignedOffsetsAndStrides()
SwiftJLSTests.DescriptorTests/rejectsOverlappingPlanesAndIncompleteMapping()
SwiftJLSTests.DescriptorTests/semanticMetadataMustAgreeWithComponents()
SwiftJLSTests.Swift64SampleAccessTests/initialisesExternalSampleBytesAtOddAddressWithoutChangingPadding()
SwiftJLSTests.Swift64SampleAccessTests/outOfPrecisionWriteInvalidatesDestination()
SwiftJLSTests.Swift64SampleAccessTests/readsIndependentGoldenBytesFromOddPhysicalAddress()
SwiftJLSTests.Swift64SampleAccessTests/refusesShortProviderBeforeLoadingSample()
SwiftJLSTests.Swift64SampleAccessTests/rejectsCoordinatesBeforeOffsetArithmetic()
SwiftJLSTests.Swift64SampleAccessTests/writesGoldenBytesForPackedAndPadded12And16BitSamples()
SwiftJLSTests.abandonedDestinationInvalidatesItsReservedOwner()
SwiftJLSTests.actualTaskCancellationDuringFillPreventsPublication()
SwiftJLSTests.adaptersShareWriterAuthorityAndRejectForgedLease()
SwiftJLSTests.cancellationInProviderFinalisationPreventsPublication(_:)
SwiftJLSTests.concurrentAdaptersReserveExactlyOneWriter()
SwiftJLSTests.failedFillInvalidatesDestination()
SwiftJLSTests.imageRetainsAdapterUntilLastImageReleaseExactlyOnce()
SwiftJLSTests.metadataAndDestinationLimitsUseCallerBudget()
SwiftJLSTests.reentrantLeaseOperationsRejectWithoutDeadlocking()
SwiftJLSTests.sameTokenCannotAuthoriseConcurrentOverlappingBorrows()
SwiftJLSTests.sealedOwnerSupportsConcurrentReadersAndNestedRead()
