Building for debugging...
[Computing dependencies]
[Pre-planning 1 / 124]
[Planning deferred tasks]
[13 / 67] swiftjls-product
[34 / 67]
[35 / 68] SwiftJLS
[40 / 109]
[44 / 109]
[47 / 109]
[51 / 109]
[53 / 109]
[54 / 109]
[57 / 109]
[58 / 109]
[60 / 109]
[63 / 109]
[65 / 109]
[67 / 109]
[68 / 109]
[69 / 109]
[72 / 109] SwiftJLS
[73 / 109] SwiftJLS
[78 / 109] SwiftJLS
[80 / 109] SwiftJLS
[82 / 109] swiftjls-product
[86 / 109]
[88 / 110] SwiftJLS
[89 / 110]
[93 / 111] SwiftJLSTests-product
[94 / 113] swiftjls-product
[96 / 113] swiftjls-product
[98 / 123] swiftjls-product
[101 / 123] swiftjls-product
[103 / 123] swiftjls-product
[104 / 123] SwiftJLSTests-product
[105 / 123] SwiftJLSTests-product
[107 / 123] SwiftJLSTests-product
[112 / 123] SwiftJLSTests-product
[113 / 123] SwiftJLSTests-product
[114 / 123] SwiftJLSTests-product
[115 / 123] AllIncludingTests
[117 / 123]
[117 / 123] SwiftJLSTests-product
[119 / 123] SwiftJLSTests-product
[121 / 123] SwiftJLSTests-product
[122 / 123] SwiftJLSTests-product
Build complete! (18.09 secs)
SwiftJLSTests.APITests/cancellationKeepsSwiftCancellationError()
SwiftJLSTests.APITests/defaultsAndUnsupportedFidelityAreExplicit()
SwiftJLSTests.APITests/exactSamplesAndZeroedPadding(precision:)
SwiftJLSTests.APITests/noSyntheticBytesAdvertisedAsCompressedFormats()
SwiftJLSTests.APITests/outOfRangeTwelveBitSampleInvalidatesDestination()
SwiftJLSTests.APITests/resourceAndRequiredBackendErrorsPrecedeUnsupportedCodec()
SwiftJLSTests.APITests/sampleHelperPreservesExplicitBigEndian()
SwiftJLSTests.DescriptorTests/deterministicLayoutMutation()
SwiftJLSTests.DescriptorTests/finalRowNeedsOnlyItsActualSampleBytes()
SwiftJLSTests.DescriptorTests/paddedOddDimensionsAndPrecision()
SwiftJLSTests.DescriptorTests/rejectsArithmeticOverflowBeforeAllocation()
SwiftJLSTests.DescriptorTests/rejectsInvalidGeometryAndPrecision()
SwiftJLSTests.DescriptorTests/rejectsMisalignedOffsetsAndStrides()
SwiftJLSTests.DescriptorTests/rejectsOverlappingPlanesAndIncompleteMapping()
SwiftJLSTests.DescriptorTests/semanticMetadataMustAgreeWithComponents()
SwiftJLSTests.Swift64SampleAccessTests/initialisesExternalSampleBytesAtOddAddressWithoutChangingPadding()
SwiftJLSTests.Swift64SampleAccessTests/outOfPrecisionWriteInvalidatesDestination()
SwiftJLSTests.Swift64SampleAccessTests/readsIndependentGoldenBytesFromOddPhysicalAddress()
SwiftJLSTests.Swift64SampleAccessTests/refusesShortProviderBeforeLoadingSample()
SwiftJLSTests.Swift64SampleAccessTests/rejectsCoordinatesBeforeOffsetArithmetic()
SwiftJLSTests.Swift64SampleAccessTests/writesGoldenBytesForPackedAndPadded12And16BitSamples()
SwiftJLSTests.abandonedDestinationInvalidatesItsReservedOwner()
SwiftJLSTests.actualTaskCancellationDuringFillPreventsPublication()
SwiftJLSTests.adaptersShareWriterAuthorityAndRejectForgedLease()
SwiftJLSTests.cancellationInProviderFinalisationPreventsPublication(_:)
SwiftJLSTests.concurrentAdaptersReserveExactlyOneWriter()
SwiftJLSTests.failedFillInvalidatesDestination()
SwiftJLSTests.imageRetainsAdapterUntilLastImageReleaseExactlyOnce()
SwiftJLSTests.metadataAndDestinationLimitsUseCallerBudget()
SwiftJLSTests.platformDefaultsEnforceWatchAdmissionBeforeAllocation()
SwiftJLSTests.reentrantLeaseOperationsRejectWithoutDeadlocking()
SwiftJLSTests.sameTokenCannotAuthoriseConcurrentOverlappingBorrows()
SwiftJLSTests.sealedOwnerSupportsConcurrentReadersAndNestedRead()
