Building for debugging...
[Pre-planning 1 / 66]
[Planning deferred tasks]
[21 / 38] Consumer-product
[23 / 38]
[24 / 39] SwiftJLS
[26 / 80]
[29 / 80]
[31 / 80]
[33 / 80]
[34 / 80]
[36 / 80]
[39 / 80]
[41 / 80]
[42 / 80]
[43 / 80]
[46 / 80]
[47 / 80]
[48 / 80]
[50 / 80]
[52 / 80]
[55 / 80]
[56 / 80]
[57 / 80]
[58 / 80]
[61 / 80] SwiftJLS
[62 / 80] SwiftJLS
[68 / 80] SwiftJLS
[69 / 80] SwiftJLS
[71 / 80] SwiftJLS-product
[75 / 80] SwiftJLS
[76 / 81] Consumer-product
[78 / 83] Consumer-product
[81 / 83] Consumer-product
[82 / 83] Consumer-product
Build complete! (14.65 secs)
Fresh independent consumer passed
