Building for debugging...
[Planning deferred tasks]
[34 / 67]
[35 / 68] SwiftJLS
[42 / 109]
[45 / 109]
[50 / 109]
[52 / 109]
[54 / 109]
[58 / 109]
[60 / 109]
[63 / 109]
[66 / 109]
[68 / 109]
[69 / 109]
[72 / 109] SwiftJLS
[80 / 109] SwiftJLS
[82 / 109] swiftjls-product
[93 / 111] swiftjls-product
[97 / 122]
[102 / 122] SwiftJLSTests-product
[104 / 122] SwiftJLSTests-product
[105 / 122] SwiftJLSTests-product
[107 / 122] SwiftJLSTests-product
[113 / 122] SwiftJLSTests-product
[114 / 122] AllIncludingTests
[116 / 122] SwiftJLSTests-product
[118 / 122] SwiftJLSTests-product
[122 / 122] SwiftJLSTests-product
Build complete! (8.55 secs)
SwiftJLSTests.APITests/cancellationKeepsSwiftCancellationError()
SwiftJLSTests.APITests/defaultsAndUnsupportedFidelityAreExplicit()
SwiftJLSTests.APITests/exactSamplesAndZeroedPadding(precision:)
SwiftJLSTests.APITests/noSyntheticBytesAdvertisedAsCompressedFormats()
SwiftJLSTests.APITests/outOfRangeTwelveBitSampleInvalidatesDestination()
SwiftJLSTests.APITests/resourceAndRequiredBackendErrorsPrecedeUnsupportedCodec()
SwiftJLSTests.APITests/sampleHelperPreservesExplicitBigEndian()
SwiftJLSTests.DescriptorTests/deterministicLayoutMutation()
SwiftJLSTests.DescriptorTests/finalRowNeedsOnlyItsActualSampleBytes()
SwiftJLSTests.DescriptorTests/paddedOddDimensionsAndPrecision()
SwiftJLSTests.DescriptorTests/rejectsArithmeticOverflowBeforeAllocation()
SwiftJLSTests.DescriptorTests/rejectsInvalidGeometryAndPrecision()
SwiftJLSTests.DescriptorTests/rejectsMisalignedOffsetsAndStrides()
SwiftJLSTests.DescriptorTests/rejectsOverlappingPlanesAndIncompleteMapping()
SwiftJLSTests.DescriptorTests/semanticMetadataMustAgreeWithComponents()
SwiftJLSTests.Swift64SampleAccessTests/initialisesExternalSampleBytesAtOddAddressWithoutChangingPadding()
SwiftJLSTests.Swift64SampleAccessTests/outOfPrecisionWriteInvalidatesDestination()
SwiftJLSTests.Swift64SampleAccessTests/readsIndependentGoldenBytesFromOddPhysicalAddress()
SwiftJLSTests.Swift64SampleAccessTests/refusesShortProviderBeforeLoadingSample()
SwiftJLSTests.Swift64SampleAccessTests/rejectsCoordinatesBeforeOffsetArithmetic()
SwiftJLSTests.Swift64SampleAccessTests/writesGoldenBytesForPackedAndPadded12And16BitSamples()
SwiftJLSTests.abandonedDestinationInvalidatesItsReservedOwner()
SwiftJLSTests.actualTaskCancellationDuringFillPreventsPublication()
SwiftJLSTests.adaptersShareWriterAuthorityAndRejectForgedLease()
SwiftJLSTests.cancellationInProviderFinalisationPreventsPublication(_:)
SwiftJLSTests.concurrentAdaptersReserveExactlyOneWriter()
SwiftJLSTests.failedFillInvalidatesDestination()
SwiftJLSTests.imageRetainsAdapterUntilLastImageReleaseExactlyOnce()
SwiftJLSTests.metadataAndDestinationLimitsUseCallerBudget()
SwiftJLSTests.reentrantLeaseOperationsRejectWithoutDeadlocking()
SwiftJLSTests.sameTokenCannotAuthoriseConcurrentOverlappingBorrows()
SwiftJLSTests.sealedOwnerSupportsConcurrentReadersAndNestedRead()
